    Hinst Name                            Module Name                                                                 Inst Count           Total Area
--------------------------------------------------------------------------------------------------------------------------------------------------
torus_bp_D_W32                                                                                                             12633           134982.878
 ys[0].xs[0].client_xy                    client_SIGMA3_RATE20_VC_W3_X_W2_Y_W2_X0_Y0_D_W32_N_PACKETS128_X_MAX4_Y_MAX4        144              585.720
  ys[0].xs[0].client_xy/regulator         token_bucket_SIGMA3_RATE20_0                                                        26              101.520
 ys[0].xs[0].torus_switch_xy              torus_switch_bp_X_W2_Y_W2_D_W32_X0_Y0                                              575             2350.202
  ys[0].xs[0].torus_switch_xy/dor_bp_inst DOR_BP_X_W2_Y_W2_X0_Y0                                                              29               54.360
  ys[0].xs[0].torus_switch_xy/s0          shadow_reg_combi_D_W36_0                                                            84              491.760
 ys[0].xs[1].client_xy                    client_SIGMA3_RATE20_VC_W3_X_W2_Y_W2_X1_Y0_D_W32_N_PACKETS128_X_MAX4_Y_MAX4        128              551.520
  ys[0].xs[1].client_xy/regulator         token_bucket_SIGMA3_RATE20_15                                                       25              100.800
 ys[0].xs[1].torus_switch_xy              torus_switch_bp_X_W2_Y_W2_D_W32_X1_Y0                                              540             2325.002
  ys[0].xs[1].torus_switch_xy/dor_bp_inst DOR_BP_X_W2_Y_W2_X1_Y0                                                              29               55.080
  ys[0].xs[1].torus_switch_xy/s0          shadow_reg_combi_D_W36_15                                                          117              547.560
 ys[0].xs[2].client_xy                    client_SIGMA3_RATE20_VC_W3_X_W2_Y_W2_X2_Y0_D_W32_N_PACKETS128_X_MAX4_Y_MAX4        121              541.080
  ys[0].xs[2].client_xy/regulator         token_bucket_SIGMA3_RATE20_14                                                       25              100.800
 ys[0].xs[2].torus_switch_xy              torus_switch_bp_X_W2_Y_W2_D_W32_X2_Y0                                              534             2315.282
  ys[0].xs[2].torus_switch_xy/dor_bp_inst DOR_BP_X_W2_Y_W2_X2_Y0                                                              29               56.160
  ys[0].xs[2].torus_switch_xy/s0          shadow_reg_combi_D_W36_14                                                           84              491.400
 ys[0].xs[3].client_xy                    client_SIGMA3_RATE20_VC_W3_X_W2_Y_W2_X3_Y0_D_W32_N_PACKETS128_X_MAX4_Y_MAX4        128              551.520
  ys[0].xs[3].client_xy/regulator         token_bucket_SIGMA3_RATE20_13                                                       25              100.800
 ys[0].xs[3].torus_switch_xy              torus_switch_bp_X_W2_Y_W2_D_W32_X3_Y0                                              585             2371.802
  ys[0].xs[3].torus_switch_xy/dor_bp_inst DOR_BP_X_W2_Y_W2_X3_Y0                                                              28               54.360
  ys[0].xs[3].torus_switch_xy/s0          shadow_reg_combi_D_W36_13                                                          121              547.560
 ys[1].xs[0].client_xy                    client_SIGMA3_RATE20_VC_W3_X_W2_Y_W2_X0_Y1_D_W32_N_PACKETS128_X_MAX4_Y_MAX4        130              560.520
  ys[1].xs[0].client_xy/regulator         token_bucket_SIGMA3_RATE20_12                                                       25              100.800
 ys[1].xs[0].torus_switch_xy              torus_switch_bp_X_W2_Y_W2_D_W32_X0_Y1                                              577             2374.682
  ys[1].xs[0].torus_switch_xy/dor_bp_inst DOR_BP_X_W2_Y_W2_X0_Y1                                                              29               54.720
  ys[1].xs[0].torus_switch_xy/s0          shadow_reg_combi_D_W36_12                                                           85              496.080
 ys[1].xs[1].client_xy                    client_SIGMA3_RATE20_VC_W3_X_W2_Y_W2_X1_Y1_D_W32_N_PACKETS128_X_MAX4_Y_MAX4        121              540.000
  ys[1].xs[1].client_xy/regulator         token_bucket_SIGMA3_RATE20_11                                                       25              100.800
 ys[1].xs[1].torus_switch_xy              torus_switch_bp_X_W2_Y_W2_D_W32_X1_Y1                                              595             2401.682
  ys[1].xs[1].torus_switch_xy/dor_bp_inst DOR_BP_X_W2_Y_W2_X1_Y1                                                              29               55.440
  ys[1].xs[1].torus_switch_xy/s0          shadow_reg_combi_D_W36_11                                                          125              545.760
 ys[1].xs[2].client_xy                    client_SIGMA3_RATE20_VC_W3_X_W2_Y_W2_X2_Y1_D_W32_N_PACKETS128_X_MAX4_Y_MAX4        125              549.720
  ys[1].xs[2].client_xy/regulator         token_bucket_SIGMA3_RATE20_10                                                       25              100.800
 ys[1].xs[2].torus_switch_xy              torus_switch_bp_X_W2_Y_W2_D_W32_X2_Y1                                              603             2401.322
  ys[1].xs[2].torus_switch_xy/dor_bp_inst DOR_BP_X_W2_Y_W2_X2_Y1                                                              30               56.880
  ys[1].xs[2].torus_switch_xy/s0          shadow_reg_combi_D_W36_10                                                           85              493.920
 ys[1].xs[3].client_xy                    client_SIGMA3_RATE20_VC_W3_X_W2_Y_W2_X3_Y1_D_W32_N_PACKETS128_X_MAX4_Y_MAX4        121              541.080
  ys[1].xs[3].client_xy/regulator         token_bucket_SIGMA3_RATE20_9                                                        25              100.800
 ys[1].xs[3].torus_switch_xy              torus_switch_bp_X_W2_Y_W2_D_W32_X3_Y1                                              583             2394.842
  ys[1].xs[3].torus_switch_xy/dor_bp_inst DOR_BP_X_W2_Y_W2_X3_Y1                                                              27               51.840
  ys[1].xs[3].torus_switch_xy/s0          shadow_reg_combi_D_W36_9                                                           132              562.320
 ys[2].xs[0].client_xy                    client_SIGMA3_RATE20_VC_W3_X_W2_Y_W2_X0_Y2_D_W32_N_PACKETS128_X_MAX4_Y_MAX4        138              573.120
  ys[2].xs[0].client_xy/regulator         token_bucket_SIGMA3_RATE20_8                                                        25              100.800
 ys[2].xs[0].torus_switch_xy              torus_switch_bp_X_W2_Y_W2_D_W32_X0_Y2                                              526             2300.162
  ys[2].xs[0].torus_switch_xy/dor_bp_inst DOR_BP_X_W2_Y_W2_X0_Y2                                                              27               51.120
  ys[2].xs[0].torus_switch_xy/s0          shadow_reg_combi_D_W36_8                                                            85              495.000
 ys[2].xs[1].client_xy                    client_SIGMA3_RATE20_VC_W3_X_W2_Y_W2_X1_Y2_D_W32_N_PACKETS128_X_MAX4_Y_MAX4        125              545.040
  ys[2].xs[1].client_xy/regulator         token_bucket_SIGMA3_RATE20_7                                                        25              100.800
 ys[2].xs[1].torus_switch_xy              torus_switch_bp_X_W2_Y_W2_D_W32_X1_Y2                                              552             2336.522
  ys[2].xs[1].torus_switch_xy/dor_bp_inst DOR_BP_X_W2_Y_W2_X1_Y2                                                              29               57.960
  ys[2].xs[1].torus_switch_xy/s0          shadow_reg_combi_D_W36_7                                                           123              555.120
 ys[2].xs[2].client_xy                    client_SIGMA3_RATE20_VC_W3_X_W2_Y_W2_X2_Y2_D_W32_N_PACKETS128_X_MAX4_Y_MAX4        120              537.840
  ys[2].xs[2].client_xy/regulator         token_bucket_SIGMA3_RATE20_6                                                        25              100.800
 ys[2].xs[2].torus_switch_xy              torus_switch_bp_X_W2_Y_W2_D_W32_X2_Y2                                              525             2297.642
  ys[2].xs[2].torus_switch_xy/dor_bp_inst DOR_BP_X_W2_Y_W2_X2_Y2                                                              29               57.240
  ys[2].xs[2].torus_switch_xy/s0          shadow_reg_combi_D_W36_6                                                            85              495.000
 ys[2].xs[3].client_xy                    client_SIGMA3_RATE20_VC_W3_X_W2_Y_W2_X3_Y2_D_W32_N_PACKETS128_X_MAX4_Y_MAX4        121              542.520
  ys[2].xs[3].client_xy/regulator         token_bucket_SIGMA3_RATE20_5                                                        25              100.800
 ys[2].xs[3].torus_switch_xy              torus_switch_bp_X_W2_Y_W2_D_W32_X3_Y2                                              565             2360.282
  ys[2].xs[3].torus_switch_xy/dor_bp_inst DOR_BP_X_W2_Y_W2_X3_Y2                                                              28               55.080
  ys[2].xs[3].torus_switch_xy/s0          shadow_reg_combi_D_W36_5                                                           135              565.920
 ys[3].xs[0].client_xy                    client_SIGMA3_RATE20_VC_W3_X_W2_Y_W2_X0_Y3_D_W32_N_PACKETS128_X_MAX4_Y_MAX4        148              594.720
  ys[3].xs[0].client_xy/regulator         token_bucket_SIGMA3_RATE20_4                                                        25              100.800
 ys[3].xs[0].torus_switch_xy              torus_switch_bp_X_W2_Y_W2_D_W32_X0_Y3                                              550             2331.842
  ys[3].xs[0].torus_switch_xy/dor_bp_inst DOR_BP_X_W2_Y_W2_X0_Y3                                                              26               50.040
  ys[3].xs[0].torus_switch_xy/s0          shadow_reg_combi_D_W36_4                                                            85              494.280
 ys[3].xs[1].client_xy                    client_SIGMA3_RATE20_VC_W3_X_W2_Y_W2_X1_Y3_D_W32_N_PACKETS128_X_MAX4_Y_MAX4        131              562.320
  ys[3].xs[1].client_xy/regulator         token_bucket_SIGMA3_RATE20_3                                                        25              100.800
 ys[3].xs[1].torus_switch_xy              torus_switch_bp_X_W2_Y_W2_D_W32_X1_Y3                                              558             2368.202
  ys[3].xs[1].torus_switch_xy/dor_bp_inst DOR_BP_X_W2_Y_W2_X1_Y3                                                              26               51.480
  ys[3].xs[1].torus_switch_xy/s0          shadow_reg_combi_D_W36_3                                                           121              552.600
 ys[3].xs[2].client_xy                    client_SIGMA3_RATE20_VC_W3_X_W2_Y_W2_X2_Y3_D_W32_N_PACKETS128_X_MAX4_Y_MAX4        123              545.400
  ys[3].xs[2].client_xy/regulator         token_bucket_SIGMA3_RATE20_2                                                        25              100.800
 ys[3].xs[2].torus_switch_xy              torus_switch_bp_X_W2_Y_W2_D_W32_X2_Y3                                              557             2350.562
  ys[3].xs[2].torus_switch_xy/dor_bp_inst DOR_BP_X_W2_Y_W2_X2_Y3                                                              26               51.480
  ys[3].xs[2].torus_switch_xy/s0          shadow_reg_combi_D_W36_2                                                            84              493.560
 ys[3].xs[3].client_xy                    client_SIGMA3_RATE20_VC_W3_X_W2_Y_W2_X3_Y3_D_W32_N_PACKETS128_X_MAX4_Y_MAX4        124              546.120
  ys[3].xs[3].client_xy/regulator         token_bucket_SIGMA3_RATE20_1                                                        25              100.800
 ys[3].xs[3].torus_switch_xy              torus_switch_bp_X_W2_Y_W2_D_W32_X3_Y3                                              579             2383.322
  ys[3].xs[3].torus_switch_xy/dor_bp_inst DOR_BP_X_W2_Y_W2_X3_Y3                                                              26               51.120
  ys[3].xs[3].torus_switch_xy/s0          shadow_reg_combi_D_W36_1                                                           134              563.040
