    Hinst Name                Module Name                                                                                        Inst Count           Total Area
-------------------------------------------------------------------------------------------------------------------------------------------------------------
torus_D_W32                                                                                                                           11945            55723.680
 ys[0].xs[0].cli              client_SIGMA3_RATE20_VC_W2_X_W2_Y_W2_X0_Y0_D_W32_N_PACKETS128_X_MAX4_Y_MAX4                               222             1124.280
  ys[0].xs[0].cli/add_58      client_SIGMA3_RATE20_VC_W2_X_W2_Y_W2_X0_Y0_D_W32_N_PACKETS128_X_MAX4_Y_MAX4_DW01_inc_0_DW01_inc_31         42              177.480
  ys[0].xs[0].cli/regulator   token_bucket_SIGMA3_RATE20_0                                                                               26              102.960
 ys[0].xs[0].switch           torus_switch_X_W2_Y_W2_D_W32_X0_Y0                                                                        377             1497.960
  ys[0].xs[0].switch/dor_inst dor_X_W2_Y_W2_X0_Y0                                                                                        19               34.560
 ys[0].xs[1].cli              client_SIGMA3_RATE20_VC_W2_X_W2_Y_W2_X1_Y0_D_W32_N_PACKETS128_X_MAX4_Y_MAX4                               218             1108.080
  ys[0].xs[1].cli/add_58      client_SIGMA3_RATE20_VC_W2_X_W2_Y_W2_X1_Y0_D_W32_N_PACKETS128_X_MAX4_Y_MAX4_DW01_inc_0_DW01_inc_29         42              177.480
  ys[0].xs[1].cli/regulator   token_bucket_SIGMA3_RATE20_15                                                                              25              102.240
 ys[0].xs[1].switch           torus_switch_X_W2_Y_W2_D_W32_X1_Y0                                                                        413             1534.680
  ys[0].xs[1].switch/dor_inst dor_X_W2_Y_W2_X1_Y0                                                                                        19               35.640
 ys[0].xs[2].cli              client_SIGMA3_RATE20_VC_W2_X_W2_Y_W2_X2_Y0_D_W32_N_PACKETS128_X_MAX4_Y_MAX4                               256             1176.480
  ys[0].xs[2].cli/add_58      client_SIGMA3_RATE20_VC_W2_X_W2_Y_W2_X2_Y0_D_W32_N_PACKETS128_X_MAX4_Y_MAX4_DW01_inc_0_DW01_inc_27         52              181.080
  ys[0].xs[2].cli/regulator   token_bucket_SIGMA3_RATE20_14                                                                              25              102.240
 ys[0].xs[2].switch           torus_switch_X_W2_Y_W2_D_W32_X2_Y0                                                                        426             1554.840
  ys[0].xs[2].switch/dor_inst dor_X_W2_Y_W2_X2_Y0                                                                                        19               35.640
 ys[0].xs[3].cli              client_SIGMA3_RATE20_VC_W2_X_W2_Y_W2_X3_Y0_D_W32_N_PACKETS128_X_MAX4_Y_MAX4                               219             1113.840
  ys[0].xs[3].cli/add_58      client_SIGMA3_RATE20_VC_W2_X_W2_Y_W2_X3_Y0_D_W32_N_PACKETS128_X_MAX4_Y_MAX4_DW01_inc_0_DW01_inc_25         43              177.480
  ys[0].xs[3].cli/regulator   token_bucket_SIGMA3_RATE20_13                                                                              25              102.240
 ys[0].xs[3].switch           torus_switch_X_W2_Y_W2_D_W32_X3_Y0                                                                        419             1545.120
  ys[0].xs[3].switch/dor_inst dor_X_W2_Y_W2_X3_Y0                                                                                        18               34.920
 ys[1].xs[0].cli              client_SIGMA3_RATE20_VC_W2_X_W2_Y_W2_X0_Y1_D_W32_N_PACKETS128_X_MAX4_Y_MAX4                               244             1160.640
  ys[1].xs[0].cli/add_58      client_SIGMA3_RATE20_VC_W2_X_W2_Y_W2_X0_Y1_D_W32_N_PACKETS128_X_MAX4_Y_MAX4_DW01_inc_0_DW01_inc_23         43              177.480
  ys[1].xs[0].cli/regulator   token_bucket_SIGMA3_RATE20_12                                                                              25              102.240
 ys[1].xs[0].switch           torus_switch_X_W2_Y_W2_D_W32_X0_Y1                                                                        405             1548.000
  ys[1].xs[0].switch/dor_inst dor_X_W2_Y_W2_X0_Y1                                                                                        20               36.360
 ys[1].xs[1].cli              client_SIGMA3_RATE20_VC_W2_X_W2_Y_W2_X1_Y1_D_W32_N_PACKETS128_X_MAX4_Y_MAX4                               244             1168.560
  ys[1].xs[1].cli/add_58      client_SIGMA3_RATE20_VC_W2_X_W2_Y_W2_X1_Y1_D_W32_N_PACKETS128_X_MAX4_Y_MAX4_DW01_inc_0_DW01_inc_21         42              177.480
  ys[1].xs[1].cli/regulator   token_bucket_SIGMA3_RATE20_11                                                                              25              102.240
 ys[1].xs[1].switch           torus_switch_X_W2_Y_W2_D_W32_X1_Y1                                                                        397             1539.000
  ys[1].xs[1].switch/dor_inst dor_X_W2_Y_W2_X1_Y1                                                                                        20               37.440
 ys[1].xs[2].cli              client_SIGMA3_RATE20_VC_W2_X_W2_Y_W2_X2_Y1_D_W32_N_PACKETS128_X_MAX4_Y_MAX4                               268             1208.160
  ys[1].xs[2].cli/add_58      client_SIGMA3_RATE20_VC_W2_X_W2_Y_W2_X2_Y1_D_W32_N_PACKETS128_X_MAX4_Y_MAX4_DW01_inc_0_DW01_inc_19         42              177.480
  ys[1].xs[2].cli/regulator   token_bucket_SIGMA3_RATE20_10                                                                              25              102.240
 ys[1].xs[2].switch           torus_switch_X_W2_Y_W2_D_W32_X2_Y1                                                                        431             1599.840
  ys[1].xs[2].switch/dor_inst dor_X_W2_Y_W2_X2_Y1                                                                                        20               37.440
 ys[1].xs[3].cli              client_SIGMA3_RATE20_VC_W2_X_W2_Y_W2_X3_Y1_D_W32_N_PACKETS128_X_MAX4_Y_MAX4                               239             1154.880
  ys[1].xs[3].cli/add_58      client_SIGMA3_RATE20_VC_W2_X_W2_Y_W2_X3_Y1_D_W32_N_PACKETS128_X_MAX4_Y_MAX4_DW01_inc_0_DW01_inc_17         41              177.480
  ys[1].xs[3].cli/regulator   token_bucket_SIGMA3_RATE20_9                                                                               25              102.240
 ys[1].xs[3].switch           torus_switch_X_W2_Y_W2_D_W32_X3_Y1                                                                        393             1524.240
  ys[1].xs[3].switch/dor_inst dor_X_W2_Y_W2_X3_Y1                                                                                        19               36.000
 ys[2].xs[0].cli              client_SIGMA3_RATE20_VC_W2_X_W2_Y_W2_X0_Y2_D_W32_N_PACKETS128_X_MAX4_Y_MAX4                               217             1113.840
  ys[2].xs[0].cli/add_58      client_SIGMA3_RATE20_VC_W2_X_W2_Y_W2_X0_Y2_D_W32_N_PACKETS128_X_MAX4_Y_MAX4_DW01_inc_0_DW01_inc_15         41              177.480
  ys[2].xs[0].cli/regulator   token_bucket_SIGMA3_RATE20_8                                                                               25              102.240
 ys[2].xs[0].switch           torus_switch_X_W2_Y_W2_D_W32_X0_Y2                                                                        384             1513.440
  ys[2].xs[0].switch/dor_inst dor_X_W2_Y_W2_X0_Y2                                                                                        20               36.360
 ys[2].xs[1].cli              client_SIGMA3_RATE20_VC_W2_X_W2_Y_W2_X1_Y2_D_W32_N_PACKETS128_X_MAX4_Y_MAX4                               219             1111.680
  ys[2].xs[1].cli/add_58      client_SIGMA3_RATE20_VC_W2_X_W2_Y_W2_X1_Y2_D_W32_N_PACKETS128_X_MAX4_Y_MAX4_DW01_inc_0_DW01_inc_13         44              177.480
  ys[2].xs[1].cli/regulator   token_bucket_SIGMA3_RATE20_7                                                                               25              102.240
 ys[2].xs[1].switch           torus_switch_X_W2_Y_W2_D_W32_X1_Y2                                                                        434             1578.240
  ys[2].xs[1].switch/dor_inst dor_X_W2_Y_W2_X1_Y2                                                                                        20               37.440
 ys[2].xs[2].cli              client_SIGMA3_RATE20_VC_W2_X_W2_Y_W2_X2_Y2_D_W32_N_PACKETS128_X_MAX4_Y_MAX4                               245             1175.760
  ys[2].xs[2].cli/add_58      client_SIGMA3_RATE20_VC_W2_X_W2_Y_W2_X2_Y2_D_W32_N_PACKETS128_X_MAX4_Y_MAX4_DW01_inc_0_DW01_inc_11         40              177.480
  ys[2].xs[2].cli/regulator   token_bucket_SIGMA3_RATE20_6                                                                               25              102.240
 ys[2].xs[2].switch           torus_switch_X_W2_Y_W2_D_W32_X2_Y2                                                                        428             1574.640
  ys[2].xs[2].switch/dor_inst dor_X_W2_Y_W2_X2_Y2                                                                                        20               37.440
 ys[2].xs[3].cli              client_SIGMA3_RATE20_VC_W2_X_W2_Y_W2_X3_Y2_D_W32_N_PACKETS128_X_MAX4_Y_MAX4                               216             1114.200
  ys[2].xs[3].cli/add_58      client_SIGMA3_RATE20_VC_W2_X_W2_Y_W2_X3_Y2_D_W32_N_PACKETS128_X_MAX4_Y_MAX4_DW01_inc_0_DW01_inc_9          40              177.480
  ys[2].xs[3].cli/regulator   token_bucket_SIGMA3_RATE20_5                                                                               25              102.240
 ys[2].xs[3].switch           torus_switch_X_W2_Y_W2_D_W32_X3_Y2                                                                        382             1515.240
  ys[2].xs[3].switch/dor_inst dor_X_W2_Y_W2_X3_Y2                                                                                        19               36.000
 ys[3].xs[0].cli              client_SIGMA3_RATE20_VC_W2_X_W2_Y_W2_X0_Y3_D_W32_N_PACKETS128_X_MAX4_Y_MAX4                               219             1118.520
  ys[3].xs[0].cli/add_58      client_SIGMA3_RATE20_VC_W2_X_W2_Y_W2_X0_Y3_D_W32_N_PACKETS128_X_MAX4_Y_MAX4_DW01_inc_0_DW01_inc_7          41              177.480
  ys[3].xs[0].cli/regulator   token_bucket_SIGMA3_RATE20_4                                                                               25              102.240
 ys[3].xs[0].switch           torus_switch_X_W2_Y_W2_D_W32_X0_Y3                                                                        420             1564.200
  ys[3].xs[0].switch/dor_inst dor_X_W2_Y_W2_X0_Y3                                                                                        20               36.360
 ys[3].xs[1].cli              client_SIGMA3_RATE20_VC_W2_X_W2_Y_W2_X1_Y3_D_W32_N_PACKETS128_X_MAX4_Y_MAX4                               218             1108.080
  ys[3].xs[1].cli/add_58      client_SIGMA3_RATE20_VC_W2_X_W2_Y_W2_X1_Y3_D_W32_N_PACKETS128_X_MAX4_Y_MAX4_DW01_inc_0_DW01_inc_5          42              177.480
  ys[3].xs[1].cli/regulator   token_bucket_SIGMA3_RATE20_3                                                                               25              102.240
 ys[3].xs[1].switch           torus_switch_X_W2_Y_W2_D_W32_X1_Y3                                                                        454             1605.600
  ys[3].xs[1].switch/dor_inst dor_X_W2_Y_W2_X1_Y3                                                                                        20               37.440
 ys[3].xs[2].cli              client_SIGMA3_RATE20_VC_W2_X_W2_Y_W2_X2_Y3_D_W32_N_PACKETS128_X_MAX4_Y_MAX4                               243             1170.000
  ys[3].xs[2].cli/add_58      client_SIGMA3_RATE20_VC_W2_X_W2_Y_W2_X2_Y3_D_W32_N_PACKETS128_X_MAX4_Y_MAX4_DW01_inc_0_DW01_inc_3          41              177.480
  ys[3].xs[2].cli/regulator   token_bucket_SIGMA3_RATE20_2                                                                               25              102.240
 ys[3].xs[2].switch           torus_switch_X_W2_Y_W2_D_W32_X2_Y3                                                                        471             1627.920
  ys[3].xs[2].switch/dor_inst dor_X_W2_Y_W2_X2_Y3                                                                                        20               37.440
 ys[3].xs[3].cli              client_SIGMA3_RATE20_VC_W2_X_W2_Y_W2_X3_Y3_D_W32_N_PACKETS128_X_MAX4_Y_MAX4                               220             1112.760
  ys[3].xs[3].cli/add_58      client_SIGMA3_RATE20_VC_W2_X_W2_Y_W2_X3_Y3_D_W32_N_PACKETS128_X_MAX4_Y_MAX4_DW01_inc_0_DW01_inc_1          42              177.480
  ys[3].xs[3].cli/regulator   token_bucket_SIGMA3_RATE20_1                                                                               25              102.240
 ys[3].xs[3].switch           torus_switch_X_W2_Y_W2_D_W32_X3_Y3                                                                        448             1601.640
  ys[3].xs[3].switch/dor_inst dor_X_W2_Y_W2_X3_Y3                                                                                        20               37.440
