 
****************************************
Report : area
Design : torus_bp_D_W32
Version: R-2020.09-SP1
Date   : Sat Dec  7 21:31:55 2024
****************************************

Library(s) Used:

    tcbn65gplusbc (File: /CMC/kits/tsmc_65nm_libs/tcbn65gplus_200a/TSMCHOME/digital/Front_End/timing_power_noise/NLDM/tcbn65gplus_140b/tcbn65gplusbc.db)
    low_swing_rx_bc (File: /home/t3rampal/ece720t7-f24/labs/t3rampal-lab5/customcell/low_swing_rx_bc.db)
    torus_xbar_1b_bc (File: /home/t3rampal/ece720t7-f24/labs/t3rampal-lab5/customcell/torus_xbar_1b_bc.db)
    low_swing_tx_bc (File: /home/t3rampal/ece720t7-f24/labs/t3rampal-lab5/customcell/low_swing_tx_bc.db)

Number of ports:                         6100
Number of nets:                         16340
Number of cells:                         9795
Number of combinational cells:           4787
Number of sequential cells:              4352
Number of macros/black boxes:             576
Number of buf/inv:                       2739
Number of references:                      35

Combinational area:               7407.720174
Buf/Inv area:                     1553.040062
Noncombinational area:           25827.119609
Macro/Black Box area:                0.000000
Net Interconnect area:      undefined  (Wire load has zero net area)

Total cell area:                 33234.839783
Total area:                 undefined

Hierarchical area distribution
------------------------------

                                  Global cell area            Local cell area
                                  -------------------  ----------------------------- 
Hierarchical cell                 Absolute    Percent  Combi-     Noncombi-   Black-
                                  Total       Total    national   national    boxes   Design
--------------------------------  ----------  -------  ---------  ----------  ------  ---------------------------------------------------------------------------
torus_bp_D_W32                    33234.8398    100.0     1.0800      0.0000  0.0000  torus_bp_D_W32
ys[0].xs[0].client_xy               537.4800      1.6   143.6400    292.3200  0.0000  client_SIGMA3_RATE20_VC_W3_X_W2_Y_W2_X0_Y0_D_W32_N_PACKETS128_X_MAX4_Y_MAX4
ys[0].xs[0].client_xy/regulator     101.5200      0.3    48.9600     52.5600  0.0000  token_bucket_SIGMA3_RATE20_0
ys[0].xs[0].torus_switch_xy        1477.4400      4.4    21.6000    912.9600  0.0000  torus_switch_bp_X_W2_Y_W2_D_W32_X0_Y0
ys[0].xs[0].torus_switch_xy/dor_bp_inst    51.8400     0.2   51.8400     0.0000 0.0000 DOR_BP_X_W2_Y_W2_X0_Y0
ys[0].xs[0].torus_switch_xy/s0      491.0400      1.5   135.3600    355.6800  0.0000  shadow_reg_combi_D_W36_0
ys[0].xs[1].client_xy               536.7600      1.6   143.6400    292.3200  0.0000  client_SIGMA3_RATE20_VC_W3_X_W2_Y_W2_X1_Y0_D_W32_N_PACKETS128_X_MAX4_Y_MAX4
ys[0].xs[1].client_xy/regulator     100.8000      0.3    47.8800     52.9200  0.0000  token_bucket_SIGMA3_RATE20_15
ys[0].xs[1].torus_switch_xy        1476.3600      4.4    21.6000    912.9600  0.0000  torus_switch_bp_X_W2_Y_W2_D_W32_X1_Y0
ys[0].xs[1].torus_switch_xy/dor_bp_inst    53.2800     0.2   53.2800     0.0000 0.0000 DOR_BP_X_W2_Y_W2_X1_Y0
ys[0].xs[1].torus_switch_xy/s0      488.5200      1.5   133.2000    355.3200  0.0000  shadow_reg_combi_D_W36_15
ys[0].xs[2].client_xy               536.7600      1.6   143.6400    292.3200  0.0000  client_SIGMA3_RATE20_VC_W3_X_W2_Y_W2_X2_Y0_D_W32_N_PACKETS128_X_MAX4_Y_MAX4
ys[0].xs[2].client_xy/regulator     100.8000      0.3    47.8800     52.9200  0.0000  token_bucket_SIGMA3_RATE20_14
ys[0].xs[2].torus_switch_xy        1510.9200      4.5    56.1600    912.9600  0.0000  torus_switch_bp_X_W2_Y_W2_D_W32_X2_Y0
ys[0].xs[2].torus_switch_xy/dor_bp_inst    53.2800     0.2   53.2800     0.0000 0.0000 DOR_BP_X_W2_Y_W2_X2_Y0
ys[0].xs[2].torus_switch_xy/s0      488.5200      1.5   133.2000    355.3200  0.0000  shadow_reg_combi_D_W36_14
ys[0].xs[3].client_xy               536.7600      1.6   143.6400    292.3200  0.0000  client_SIGMA3_RATE20_VC_W3_X_W2_Y_W2_X3_Y0_D_W32_N_PACKETS128_X_MAX4_Y_MAX4
ys[0].xs[3].client_xy/regulator     100.8000      0.3    47.8800     52.9200  0.0000  token_bucket_SIGMA3_RATE20_13
ys[0].xs[3].torus_switch_xy        1550.1600      4.7    95.0400    912.9600  0.0000  torus_switch_bp_X_W2_Y_W2_D_W32_X3_Y0
ys[0].xs[3].torus_switch_xy/dor_bp_inst    51.1200     0.2   51.1200     0.0000 0.0000 DOR_BP_X_W2_Y_W2_X3_Y0
ys[0].xs[3].torus_switch_xy/s0      491.0400      1.5   135.3600    355.6800  0.0000  shadow_reg_combi_D_W36_13
ys[1].xs[0].client_xy               536.7600      1.6   143.6400    292.3200  0.0000  client_SIGMA3_RATE20_VC_W3_X_W2_Y_W2_X0_Y1_D_W32_N_PACKETS128_X_MAX4_Y_MAX4
ys[1].xs[0].client_xy/regulator     100.8000      0.3    47.8800     52.9200  0.0000  token_bucket_SIGMA3_RATE20_12
ys[1].xs[0].torus_switch_xy        1553.7600      4.7    95.0400    912.9600  0.0000  torus_switch_bp_X_W2_Y_W2_D_W32_X0_Y1
ys[1].xs[0].torus_switch_xy/dor_bp_inst    52.2000     0.2   52.2000     0.0000 0.0000 DOR_BP_X_W2_Y_W2_X0_Y1
ys[1].xs[0].torus_switch_xy/s0      493.5600      1.5   137.5200    356.0400  0.0000  shadow_reg_combi_D_W36_12
ys[1].xs[1].client_xy               536.7600      1.6   143.6400    292.3200  0.0000  client_SIGMA3_RATE20_VC_W3_X_W2_Y_W2_X1_Y1_D_W32_N_PACKETS128_X_MAX4_Y_MAX4
ys[1].xs[1].client_xy/regulator     100.8000      0.3    47.8800     52.9200  0.0000  token_bucket_SIGMA3_RATE20_11
ys[1].xs[1].torus_switch_xy        1552.6800      4.7    95.0400    912.9600  0.0000  torus_switch_bp_X_W2_Y_W2_D_W32_X1_Y1
ys[1].xs[1].torus_switch_xy/dor_bp_inst    53.6400     0.2   53.6400     0.0000 0.0000 DOR_BP_X_W2_Y_W2_X1_Y1
ys[1].xs[1].torus_switch_xy/s0      491.0400      1.5   135.3600    355.6800  0.0000  shadow_reg_combi_D_W36_11
ys[1].xs[2].client_xy               536.7600      1.6   143.6400    292.3200  0.0000  client_SIGMA3_RATE20_VC_W3_X_W2_Y_W2_X2_Y1_D_W32_N_PACKETS128_X_MAX4_Y_MAX4
ys[1].xs[2].client_xy/regulator     100.8000      0.3    47.8800     52.9200  0.0000  token_bucket_SIGMA3_RATE20_10
ys[1].xs[2].torus_switch_xy        1552.6800      4.7    95.0400    912.9600  0.0000  torus_switch_bp_X_W2_Y_W2_D_W32_X2_Y1
ys[1].xs[2].torus_switch_xy/dor_bp_inst    53.6400     0.2   53.6400     0.0000 0.0000 DOR_BP_X_W2_Y_W2_X2_Y1
ys[1].xs[2].torus_switch_xy/s0      491.0400      1.5   135.3600    355.6800  0.0000  shadow_reg_combi_D_W36_10
ys[1].xs[3].client_xy               536.7600      1.6   143.6400    292.3200  0.0000  client_SIGMA3_RATE20_VC_W3_X_W2_Y_W2_X3_Y1_D_W32_N_PACKETS128_X_MAX4_Y_MAX4
ys[1].xs[3].client_xy/regulator     100.8000      0.3    47.8800     52.9200  0.0000  token_bucket_SIGMA3_RATE20_9
ys[1].xs[3].torus_switch_xy        1553.0400      4.7    95.0400    912.9600  0.0000  torus_switch_bp_X_W2_Y_W2_D_W32_X3_Y1
ys[1].xs[3].torus_switch_xy/dor_bp_inst    51.4800     0.2   51.4800     0.0000 0.0000 DOR_BP_X_W2_Y_W2_X3_Y1
ys[1].xs[3].torus_switch_xy/s0      493.5600      1.5   137.5200    356.0400  0.0000  shadow_reg_combi_D_W36_9
ys[2].xs[0].client_xy               536.7600      1.6   143.6400    292.3200  0.0000  client_SIGMA3_RATE20_VC_W3_X_W2_Y_W2_X0_Y2_D_W32_N_PACKETS128_X_MAX4_Y_MAX4
ys[2].xs[0].client_xy/regulator     100.8000      0.3    47.8800     52.9200  0.0000  token_bucket_SIGMA3_RATE20_8
ys[2].xs[0].torus_switch_xy        1553.7600      4.7    95.0400    912.9600  0.0000  torus_switch_bp_X_W2_Y_W2_D_W32_X0_Y2
ys[2].xs[0].torus_switch_xy/dor_bp_inst    52.2000     0.2   52.2000     0.0000 0.0000 DOR_BP_X_W2_Y_W2_X0_Y2
ys[2].xs[0].torus_switch_xy/s0      493.5600      1.5   137.5200    356.0400  0.0000  shadow_reg_combi_D_W36_8
ys[2].xs[1].client_xy               536.7600      1.6   143.6400    292.3200  0.0000  client_SIGMA3_RATE20_VC_W3_X_W2_Y_W2_X1_Y2_D_W32_N_PACKETS128_X_MAX4_Y_MAX4
ys[2].xs[1].client_xy/regulator     100.8000      0.3    47.8800     52.9200  0.0000  token_bucket_SIGMA3_RATE20_7
ys[2].xs[1].torus_switch_xy        1552.6800      4.7    95.0400    912.9600  0.0000  torus_switch_bp_X_W2_Y_W2_D_W32_X1_Y2
ys[2].xs[1].torus_switch_xy/dor_bp_inst    53.6400     0.2   53.6400     0.0000 0.0000 DOR_BP_X_W2_Y_W2_X1_Y2
ys[2].xs[1].torus_switch_xy/s0      491.0400      1.5   135.3600    355.6800  0.0000  shadow_reg_combi_D_W36_7
ys[2].xs[2].client_xy               536.7600      1.6   143.6400    292.3200  0.0000  client_SIGMA3_RATE20_VC_W3_X_W2_Y_W2_X2_Y2_D_W32_N_PACKETS128_X_MAX4_Y_MAX4
ys[2].xs[2].client_xy/regulator     100.8000      0.3    47.8800     52.9200  0.0000  token_bucket_SIGMA3_RATE20_6
ys[2].xs[2].torus_switch_xy        1552.6800      4.7    95.0400    912.9600  0.0000  torus_switch_bp_X_W2_Y_W2_D_W32_X2_Y2
ys[2].xs[2].torus_switch_xy/dor_bp_inst    53.6400     0.2   53.6400     0.0000 0.0000 DOR_BP_X_W2_Y_W2_X2_Y2
ys[2].xs[2].torus_switch_xy/s0      491.0400      1.5   135.3600    355.6800  0.0000  shadow_reg_combi_D_W36_6
ys[2].xs[3].client_xy               536.7600      1.6   143.6400    292.3200  0.0000  client_SIGMA3_RATE20_VC_W3_X_W2_Y_W2_X3_Y2_D_W32_N_PACKETS128_X_MAX4_Y_MAX4
ys[2].xs[3].client_xy/regulator     100.8000      0.3    47.8800     52.9200  0.0000  token_bucket_SIGMA3_RATE20_5
ys[2].xs[3].torus_switch_xy        1551.9600      4.7    95.0400    912.9600  0.0000  torus_switch_bp_X_W2_Y_W2_D_W32_X3_Y2
ys[2].xs[3].torus_switch_xy/dor_bp_inst    51.4800     0.2   51.4800     0.0000 0.0000 DOR_BP_X_W2_Y_W2_X3_Y2
ys[2].xs[3].torus_switch_xy/s0      492.4800      1.5   135.3600    357.1200  0.0000  shadow_reg_combi_D_W36_5
ys[3].xs[0].client_xy               536.7600      1.6   143.6400    292.3200  0.0000  client_SIGMA3_RATE20_VC_W3_X_W2_Y_W2_X0_Y3_D_W32_N_PACKETS128_X_MAX4_Y_MAX4
ys[3].xs[0].client_xy/regulator     100.8000      0.3    47.8800     52.9200  0.0000  token_bucket_SIGMA3_RATE20_4
ys[3].xs[0].torus_switch_xy        1551.2400      4.7    95.0400    912.9600  0.0000  torus_switch_bp_X_W2_Y_W2_D_W32_X0_Y3
ys[3].xs[0].torus_switch_xy/dor_bp_inst    49.6800     0.1   49.6800     0.0000 0.0000 DOR_BP_X_W2_Y_W2_X0_Y3
ys[3].xs[0].torus_switch_xy/s0      493.5600      1.5   137.5200    356.0400  0.0000  shadow_reg_combi_D_W36_4
ys[3].xs[1].client_xy               536.7600      1.6   143.6400    292.3200  0.0000  client_SIGMA3_RATE20_VC_W3_X_W2_Y_W2_X1_Y3_D_W32_N_PACKETS128_X_MAX4_Y_MAX4
ys[3].xs[1].client_xy/regulator     100.8000      0.3    47.8800     52.9200  0.0000  token_bucket_SIGMA3_RATE20_3
ys[3].xs[1].torus_switch_xy        1550.8800      4.7    95.0400    913.6800  0.0000  torus_switch_bp_X_W2_Y_W2_D_W32_X1_Y3
ys[3].xs[1].torus_switch_xy/dor_bp_inst    51.1200     0.2   51.1200     0.0000 0.0000 DOR_BP_X_W2_Y_W2_X1_Y3
ys[3].xs[1].torus_switch_xy/s0      491.0400      1.5   135.3600    355.6800  0.0000  shadow_reg_combi_D_W36_3
ys[3].xs[2].client_xy               536.7600      1.6   143.6400    292.3200  0.0000  client_SIGMA3_RATE20_VC_W3_X_W2_Y_W2_X2_Y3_D_W32_N_PACKETS128_X_MAX4_Y_MAX4
ys[3].xs[2].client_xy/regulator     100.8000      0.3    47.8800     52.9200  0.0000  token_bucket_SIGMA3_RATE20_2
ys[3].xs[2].torus_switch_xy        1551.6000      4.7    95.0400    914.4000  0.0000  torus_switch_bp_X_W2_Y_W2_D_W32_X2_Y3
ys[3].xs[2].torus_switch_xy/dor_bp_inst    51.1200     0.2   51.1200     0.0000 0.0000 DOR_BP_X_W2_Y_W2_X2_Y3
ys[3].xs[2].torus_switch_xy/s0      491.0400      1.5   135.3600    355.6800  0.0000  shadow_reg_combi_D_W36_2
ys[3].xs[3].client_xy               536.7600      1.6   143.6400    292.3200  0.0000  client_SIGMA3_RATE20_VC_W3_X_W2_Y_W2_X3_Y3_D_W32_N_PACKETS128_X_MAX4_Y_MAX4
ys[3].xs[3].client_xy/regulator     100.8000      0.3    47.8800     52.9200  0.0000  token_bucket_SIGMA3_RATE20_1
ys[3].xs[3].torus_switch_xy        1553.0400      4.7    95.0400    913.6800  0.0000  torus_switch_bp_X_W2_Y_W2_D_W32_X3_Y3
ys[3].xs[3].torus_switch_xy/dor_bp_inst    50.7600     0.2   50.7600     0.0000 0.0000 DOR_BP_X_W2_Y_W2_X3_Y3
ys[3].xs[3].torus_switch_xy/s0      493.5600      1.5   137.5200    356.0400  0.0000  shadow_reg_combi_D_W36_1
--------------------------------  ----------  -------  ---------  ----------  ------  ---------------------------------------------------------------------------
Total                                                  7407.7202  25827.1196  0.0000

1
