    Hinst Name              Module Name                                                                                        Inst Count           Total Area
-----------------------------------------------------------------------------------------------------------------------------------------------------------
torus_bp_D_W32                                                                                                                      14255            63498.960
 ys[0].xs[0].cli            client_SIGMA3_RATE20_VC_W2_X_W2_Y_W2_X0_Y0_D_W32_N_PACKETS128_X_MAX4_Y_MAX4                               226             1127.520
  ys[0].xs[0].cli/add_58    client_SIGMA3_RATE20_VC_W2_X_W2_Y_W2_X0_Y0_D_W32_N_PACKETS128_X_MAX4_Y_MAX4_DW01_inc_0_DW01_inc_31         43              177.480
  ys[0].xs[0].cli/regulator token_bucket_SIGMA3_RATE20_0                                                                               26              102.960
 ys[0].xs[0].switch         torus_switch_bp_X_W2_Y_W2_D_W32_X0_Y0                                                                     496             1955.880
  ys[0].xs[0].switch/dor_bp dor_bp_X_W2_Y_W2_X0_Y0                                                                                     21               38.520
  ys[0].xs[0].switch/s0     shadow_reg_combi_D_W36_0                                                                                  116              516.600
 ys[0].xs[1].cli            client_SIGMA3_RATE20_VC_W2_X_W2_Y_W2_X1_Y0_D_W32_N_PACKETS128_X_MAX4_Y_MAX4                               220             1116.000
  ys[0].xs[1].cli/add_58    client_SIGMA3_RATE20_VC_W2_X_W2_Y_W2_X1_Y0_D_W32_N_PACKETS128_X_MAX4_Y_MAX4_DW01_inc_0_DW01_inc_29         43              177.480
  ys[0].xs[1].cli/regulator token_bucket_SIGMA3_RATE20_15                                                                              25              102.240
 ys[0].xs[1].switch         torus_switch_bp_X_W2_Y_W2_D_W32_X1_Y0                                                                     535             1988.280
  ys[0].xs[1].switch/dor_bp dor_bp_X_W2_Y_W2_X1_Y0                                                                                     22               41.040
  ys[0].xs[1].switch/s0     shadow_reg_combi_D_W36_15                                                                                 149              554.400
 ys[0].xs[2].cli            client_SIGMA3_RATE20_VC_W2_X_W2_Y_W2_X2_Y0_D_W32_N_PACKETS128_X_MAX4_Y_MAX4                               252             1185.120
  ys[0].xs[2].cli/add_58    client_SIGMA3_RATE20_VC_W2_X_W2_Y_W2_X2_Y0_D_W32_N_PACKETS128_X_MAX4_Y_MAX4_DW01_inc_0_DW01_inc_27         43              177.480
  ys[0].xs[2].cli/regulator token_bucket_SIGMA3_RATE20_14                                                                              25              102.240
 ys[0].xs[2].switch         torus_switch_bp_X_W2_Y_W2_D_W32_X2_Y0                                                                     565             2019.600
  ys[0].xs[2].switch/dor_bp dor_bp_X_W2_Y_W2_X2_Y0                                                                                     22               41.040
  ys[0].xs[2].switch/s0     shadow_reg_combi_D_W36_14                                                                                 116              515.160
 ys[0].xs[3].cli            client_SIGMA3_RATE20_VC_W2_X_W2_Y_W2_X3_Y0_D_W32_N_PACKETS128_X_MAX4_Y_MAX4                               221             1120.320
  ys[0].xs[3].cli/add_58    client_SIGMA3_RATE20_VC_W2_X_W2_Y_W2_X3_Y0_D_W32_N_PACKETS128_X_MAX4_Y_MAX4_DW01_inc_0_DW01_inc_25         42              177.480
  ys[0].xs[3].cli/regulator token_bucket_SIGMA3_RATE20_13                                                                              25              102.240
 ys[0].xs[3].switch         torus_switch_bp_X_W2_Y_W2_D_W32_X3_Y0                                                                     577             2030.400
  ys[0].xs[3].switch/dor_bp dor_bp_X_W2_Y_W2_X3_Y0                                                                                     21               38.880
  ys[0].xs[3].switch/s0     shadow_reg_combi_D_W36_13                                                                                 120              519.840
 ys[1].xs[0].cli            client_SIGMA3_RATE20_VC_W2_X_W2_Y_W2_X0_Y1_D_W32_N_PACKETS128_X_MAX4_Y_MAX4                               243             1168.560
  ys[1].xs[0].cli/add_58    client_SIGMA3_RATE20_VC_W2_X_W2_Y_W2_X0_Y1_D_W32_N_PACKETS128_X_MAX4_Y_MAX4_DW01_inc_0_DW01_inc_23         42              177.840
  ys[1].xs[0].cli/regulator token_bucket_SIGMA3_RATE20_12                                                                              25              102.240
 ys[1].xs[0].switch         torus_switch_bp_X_W2_Y_W2_D_W32_X0_Y1                                                                     532             2007.720
  ys[1].xs[0].switch/dor_bp dor_bp_X_W2_Y_W2_X0_Y1                                                                                     22               40.320
  ys[1].xs[0].switch/s0     shadow_reg_combi_D_W36_12                                                                                 116              515.520
 ys[1].xs[1].cli            client_SIGMA3_RATE20_VC_W2_X_W2_Y_W2_X1_Y1_D_W32_N_PACKETS128_X_MAX4_Y_MAX4                               244             1168.200
  ys[1].xs[1].cli/add_58    client_SIGMA3_RATE20_VC_W2_X_W2_Y_W2_X1_Y1_D_W32_N_PACKETS128_X_MAX4_Y_MAX4_DW01_inc_0_DW01_inc_21         43              177.840
  ys[1].xs[1].cli/regulator token_bucket_SIGMA3_RATE20_11                                                                              25              102.240
 ys[1].xs[1].switch         torus_switch_bp_X_W2_Y_W2_D_W32_X1_Y1                                                                     549             2034.000
  ys[1].xs[1].switch/dor_bp dor_bp_X_W2_Y_W2_X1_Y1                                                                                     23               42.840
  ys[1].xs[1].switch/s0     shadow_reg_combi_D_W36_11                                                                                 134              534.600
 ys[1].xs[2].cli            client_SIGMA3_RATE20_VC_W2_X_W2_Y_W2_X2_Y1_D_W32_N_PACKETS128_X_MAX4_Y_MAX4                               272             1211.040
  ys[1].xs[2].cli/add_58    client_SIGMA3_RATE20_VC_W2_X_W2_Y_W2_X2_Y1_D_W32_N_PACKETS128_X_MAX4_Y_MAX4_DW01_inc_0_DW01_inc_19         44              177.480
  ys[1].xs[2].cli/regulator token_bucket_SIGMA3_RATE20_10                                                                              25              102.240
 ys[1].xs[2].switch         torus_switch_bp_X_W2_Y_W2_D_W32_X2_Y1                                                                     575             2072.880
  ys[1].xs[2].switch/dor_bp dor_bp_X_W2_Y_W2_X2_Y1                                                                                     23               42.840
  ys[1].xs[2].switch/s0     shadow_reg_combi_D_W36_10                                                                                 116              515.160
 ys[1].xs[3].cli            client_SIGMA3_RATE20_VC_W2_X_W2_Y_W2_X3_Y1_D_W32_N_PACKETS128_X_MAX4_Y_MAX4                               245             1169.280
  ys[1].xs[3].cli/add_58    client_SIGMA3_RATE20_VC_W2_X_W2_Y_W2_X3_Y1_D_W32_N_PACKETS128_X_MAX4_Y_MAX4_DW01_inc_0_DW01_inc_17         42              177.480
  ys[1].xs[3].cli/regulator token_bucket_SIGMA3_RATE20_9                                                                               25              102.240
 ys[1].xs[3].switch         torus_switch_bp_X_W2_Y_W2_D_W32_X3_Y1                                                                     543             2028.600
  ys[1].xs[3].switch/dor_bp dor_bp_X_W2_Y_W2_X3_Y1                                                                                     22               40.680
  ys[1].xs[3].switch/s0     shadow_reg_combi_D_W36_9                                                                                  116              515.520
 ys[2].xs[0].cli            client_SIGMA3_RATE20_VC_W2_X_W2_Y_W2_X0_Y2_D_W32_N_PACKETS128_X_MAX4_Y_MAX4                               223             1118.160
  ys[2].xs[0].cli/add_58    client_SIGMA3_RATE20_VC_W2_X_W2_Y_W2_X0_Y2_D_W32_N_PACKETS128_X_MAX4_Y_MAX4_DW01_inc_0_DW01_inc_15         45              177.480
  ys[2].xs[0].cli/regulator token_bucket_SIGMA3_RATE20_8                                                                               25              102.240
 ys[2].xs[0].switch         torus_switch_bp_X_W2_Y_W2_D_W32_X0_Y2                                                                     521             1981.800
  ys[2].xs[0].switch/dor_bp dor_bp_X_W2_Y_W2_X0_Y2                                                                                     22               40.320
  ys[2].xs[0].switch/s0     shadow_reg_combi_D_W36_8                                                                                  117              516.960
 ys[2].xs[1].cli            client_SIGMA3_RATE20_VC_W2_X_W2_Y_W2_X1_Y2_D_W32_N_PACKETS128_X_MAX4_Y_MAX4                               217             1113.840
  ys[2].xs[1].cli/add_58    client_SIGMA3_RATE20_VC_W2_X_W2_Y_W2_X1_Y2_D_W32_N_PACKETS128_X_MAX4_Y_MAX4_DW01_inc_0_DW01_inc_13         42              177.480
  ys[2].xs[1].cli/regulator token_bucket_SIGMA3_RATE20_7                                                                               25              102.240
 ys[2].xs[1].switch         torus_switch_bp_X_W2_Y_W2_D_W32_X1_Y2                                                                     567             2049.480
  ys[2].xs[1].switch/dor_bp dor_bp_X_W2_Y_W2_X1_Y2                                                                                     23               42.840
  ys[2].xs[1].switch/s0     shadow_reg_combi_D_W36_7                                                                                  169              577.800
 ys[2].xs[2].cli            client_SIGMA3_RATE20_VC_W2_X_W2_Y_W2_X2_Y2_D_W32_N_PACKETS128_X_MAX4_Y_MAX4                               247             1180.800
  ys[2].xs[2].cli/add_58    client_SIGMA3_RATE20_VC_W2_X_W2_Y_W2_X2_Y2_D_W32_N_PACKETS128_X_MAX4_Y_MAX4_DW01_inc_0_DW01_inc_11         40              177.480
  ys[2].xs[2].cli/regulator token_bucket_SIGMA3_RATE20_6                                                                               25              102.240
 ys[2].xs[2].switch         torus_switch_bp_X_W2_Y_W2_D_W32_X2_Y2                                                                     580             2063.160
  ys[2].xs[2].switch/dor_bp dor_bp_X_W2_Y_W2_X2_Y2                                                                                     23               42.840
  ys[2].xs[2].switch/s0     shadow_reg_combi_D_W36_6                                                                                  116              515.880
 ys[2].xs[3].cli            client_SIGMA3_RATE20_VC_W2_X_W2_Y_W2_X3_Y2_D_W32_N_PACKETS128_X_MAX4_Y_MAX4                               219             1116.360
  ys[2].xs[3].cli/add_58    client_SIGMA3_RATE20_VC_W2_X_W2_Y_W2_X3_Y2_D_W32_N_PACKETS128_X_MAX4_Y_MAX4_DW01_inc_0_DW01_inc_9          42              177.480
  ys[2].xs[3].cli/regulator token_bucket_SIGMA3_RATE20_5                                                                               25              102.240
 ys[2].xs[3].switch         torus_switch_bp_X_W2_Y_W2_D_W32_X3_Y2                                                                     552             2018.880
  ys[2].xs[3].switch/dor_bp dor_bp_X_W2_Y_W2_X3_Y2                                                                                     22               40.680
  ys[2].xs[3].switch/s0     shadow_reg_combi_D_W36_5                                                                                  118              517.680
 ys[3].xs[0].cli            client_SIGMA3_RATE20_VC_W2_X_W2_Y_W2_X0_Y3_D_W32_N_PACKETS128_X_MAX4_Y_MAX4                               222             1119.240
  ys[3].xs[0].cli/add_58    client_SIGMA3_RATE20_VC_W2_X_W2_Y_W2_X0_Y3_D_W32_N_PACKETS128_X_MAX4_Y_MAX4_DW01_inc_0_DW01_inc_7          44              177.480
  ys[3].xs[0].cli/regulator token_bucket_SIGMA3_RATE20_4                                                                               25              102.240
 ys[3].xs[0].switch         torus_switch_bp_X_W2_Y_W2_D_W32_X0_Y3                                                                     540             2014.560
  ys[3].xs[0].switch/dor_bp dor_bp_X_W2_Y_W2_X0_Y3                                                                                     22               40.320
  ys[3].xs[0].switch/s0     shadow_reg_combi_D_W36_4                                                                                  116              515.520
 ys[3].xs[1].cli            client_SIGMA3_RATE20_VC_W2_X_W2_Y_W2_X1_Y3_D_W32_N_PACKETS128_X_MAX4_Y_MAX4                               217             1108.080
  ys[3].xs[1].cli/add_58    client_SIGMA3_RATE20_VC_W2_X_W2_Y_W2_X1_Y3_D_W32_N_PACKETS128_X_MAX4_Y_MAX4_DW01_inc_0_DW01_inc_5          41              177.480
  ys[3].xs[1].cli/regulator token_bucket_SIGMA3_RATE20_3                                                                               25              102.240
 ys[3].xs[1].switch         torus_switch_bp_X_W2_Y_W2_D_W32_X1_Y3                                                                     578             2068.560
  ys[3].xs[1].switch/dor_bp dor_bp_X_W2_Y_W2_X1_Y3                                                                                     23               42.840
  ys[3].xs[1].switch/s0     shadow_reg_combi_D_W36_3                                                                                  151              556.920
 ys[3].xs[2].cli            client_SIGMA3_RATE20_VC_W2_X_W2_Y_W2_X2_Y3_D_W32_N_PACKETS128_X_MAX4_Y_MAX4                               245             1171.440
  ys[3].xs[2].cli/add_58    client_SIGMA3_RATE20_VC_W2_X_W2_Y_W2_X2_Y3_D_W32_N_PACKETS128_X_MAX4_Y_MAX4_DW01_inc_0_DW01_inc_3          42              177.480
  ys[3].xs[2].cli/regulator token_bucket_SIGMA3_RATE20_2                                                                               25              102.240
 ys[3].xs[2].switch         torus_switch_bp_X_W2_Y_W2_D_W32_X2_Y3                                                                     606             2097.360
  ys[3].xs[2].switch/dor_bp dor_bp_X_W2_Y_W2_X2_Y3                                                                                     23               42.840
  ys[3].xs[2].switch/s0     shadow_reg_combi_D_W36_2                                                                                  116              515.160
 ys[3].xs[3].cli            client_SIGMA3_RATE20_VC_W2_X_W2_Y_W2_X3_Y3_D_W32_N_PACKETS128_X_MAX4_Y_MAX4                               225             1123.560
  ys[3].xs[3].cli/add_58    client_SIGMA3_RATE20_VC_W2_X_W2_Y_W2_X3_Y3_D_W32_N_PACKETS128_X_MAX4_Y_MAX4_DW01_inc_0_DW01_inc_1          45              178.560
  ys[3].xs[3].cli/regulator token_bucket_SIGMA3_RATE20_1                                                                               25              102.240
 ys[3].xs[3].switch         torus_switch_bp_X_W2_Y_W2_D_W32_X3_Y3                                                                     620             2114.640
  ys[3].xs[3].switch/dor_bp dor_bp_X_W2_Y_W2_X3_Y3                                                                                     22               40.680
  ys[3].xs[3].switch/s0     shadow_reg_combi_D_W36_1                                                                                  122              522.720
