    Hinst Name                         Module Name                                                                 Inst Count           Total Area
-----------------------------------------------------------------------------------------------------------------------------------------------
torus_D_W32                                                                                                             10539           126450.576
 ys[0].xs[0].client_xy                 client_SIGMA3_RATE20_VC_W3_X_W2_Y_W2_X0_Y0_D_W32_N_PACKETS128_X_MAX4_Y_MAX4        136              568.440
  ys[0].xs[0].client_xy/regulator      token_bucket_SIGMA3_RATE20_0                                                        26              101.520
 ys[0].xs[0].torus_switch_xy           torus_switch_X_W2_Y_W2_D_W32_X0_Y0                                                 402             1861.682
  ys[0].xs[0].torus_switch_xy/dor_inst dor_X_W2_Y_W2_X0_Y0                                                                 23               42.480
 ys[0].xs[1].client_xy                 client_SIGMA3_RATE20_VC_W3_X_W2_Y_W2_X1_Y0_D_W32_N_PACKETS128_X_MAX4_Y_MAX4        122              538.560
  ys[0].xs[1].client_xy/regulator      token_bucket_SIGMA3_RATE20_15                                                       25              100.800
 ys[0].xs[1].torus_switch_xy           torus_switch_X_W2_Y_W2_D_W32_X1_Y0                                                 476             1939.442
  ys[0].xs[1].torus_switch_xy/dor_inst dor_X_W2_Y_W2_X1_Y0                                                                 23               43.920
 ys[0].xs[2].client_xy                 client_SIGMA3_RATE20_VC_W3_X_W2_Y_W2_X2_Y0_D_W32_N_PACKETS128_X_MAX4_Y_MAX4        120              539.640
  ys[0].xs[2].client_xy/regulator      token_bucket_SIGMA3_RATE20_14                                                       25              100.800
 ys[0].xs[2].torus_switch_xy           torus_switch_X_W2_Y_W2_D_W32_X2_Y0                                                 396             1842.602
  ys[0].xs[2].torus_switch_xy/dor_inst dor_X_W2_Y_W2_X2_Y0                                                                 22               42.480
 ys[0].xs[3].client_xy                 client_SIGMA3_RATE20_VC_W3_X_W2_Y_W2_X3_Y0_D_W32_N_PACKETS128_X_MAX4_Y_MAX4        124              543.960
  ys[0].xs[3].client_xy/regulator      token_bucket_SIGMA3_RATE20_13                                                       25              100.800
 ys[0].xs[3].torus_switch_xy           torus_switch_X_W2_Y_W2_D_W32_X3_Y0                                                 478             1936.922
  ys[0].xs[3].torus_switch_xy/dor_inst dor_X_W2_Y_W2_X3_Y0                                                                 22               42.840
 ys[1].xs[0].client_xy                 client_SIGMA3_RATE20_VC_W3_X_W2_Y_W2_X0_Y1_D_W32_N_PACKETS128_X_MAX4_Y_MAX4        121              541.080
  ys[1].xs[0].client_xy/regulator      token_bucket_SIGMA3_RATE20_12                                                       25              100.800
 ys[1].xs[0].torus_switch_xy           torus_switch_X_W2_Y_W2_D_W32_X0_Y1                                                 401             1863.482
  ys[1].xs[0].torus_switch_xy/dor_inst dor_X_W2_Y_W2_X0_Y1                                                                 23               43.920
 ys[1].xs[1].client_xy                 client_SIGMA3_RATE20_VC_W3_X_W2_Y_W2_X1_Y1_D_W32_N_PACKETS128_X_MAX4_Y_MAX4        122              541.440
  ys[1].xs[1].client_xy/regulator      token_bucket_SIGMA3_RATE20_11                                                       25              100.800
 ys[1].xs[1].torus_switch_xy           torus_switch_X_W2_Y_W2_D_W32_X1_Y1                                                 446             1924.682
  ys[1].xs[1].torus_switch_xy/dor_inst dor_X_W2_Y_W2_X1_Y1                                                                 22               43.920
 ys[1].xs[2].client_xy                 client_SIGMA3_RATE20_VC_W3_X_W2_Y_W2_X2_Y1_D_W32_N_PACKETS128_X_MAX4_Y_MAX4        120              537.840
  ys[1].xs[2].client_xy/regulator      token_bucket_SIGMA3_RATE20_10                                                       25              100.800
 ys[1].xs[2].torus_switch_xy           torus_switch_X_W2_Y_W2_D_W32_X2_Y1                                                 421             1896.962
  ys[1].xs[2].torus_switch_xy/dor_inst dor_X_W2_Y_W2_X2_Y1                                                                 23               45.360
 ys[1].xs[3].client_xy                 client_SIGMA3_RATE20_VC_W3_X_W2_Y_W2_X3_Y1_D_W32_N_PACKETS128_X_MAX4_Y_MAX4        120              537.840
  ys[1].xs[3].client_xy/regulator      token_bucket_SIGMA3_RATE20_9                                                        25              100.800
 ys[1].xs[3].torus_switch_xy           torus_switch_X_W2_Y_W2_D_W32_X3_Y1                                                 490             1972.562
  ys[1].xs[3].torus_switch_xy/dor_inst dor_X_W2_Y_W2_X3_Y1                                                                 22               43.200
 ys[2].xs[0].client_xy                 client_SIGMA3_RATE20_VC_W3_X_W2_Y_W2_X0_Y2_D_W32_N_PACKETS128_X_MAX4_Y_MAX4        137              572.040
  ys[2].xs[0].client_xy/regulator      token_bucket_SIGMA3_RATE20_8                                                        25              100.800
 ys[2].xs[0].torus_switch_xy           torus_switch_X_W2_Y_W2_D_W32_X0_Y2                                                 383             1833.242
  ys[2].xs[0].torus_switch_xy/dor_inst dor_X_W2_Y_W2_X0_Y2                                                                 23               43.920
 ys[2].xs[1].client_xy                 client_SIGMA3_RATE20_VC_W3_X_W2_Y_W2_X1_Y2_D_W32_N_PACKETS128_X_MAX4_Y_MAX4        121              540.000
  ys[2].xs[1].client_xy/regulator      token_bucket_SIGMA3_RATE20_7                                                        25              100.800
 ys[2].xs[1].torus_switch_xy           torus_switch_X_W2_Y_W2_D_W32_X1_Y2                                                 477             1939.802
  ys[2].xs[1].torus_switch_xy/dor_inst dor_X_W2_Y_W2_X1_Y2                                                                 24               46.800
 ys[2].xs[2].client_xy                 client_SIGMA3_RATE20_VC_W3_X_W2_Y_W2_X2_Y2_D_W32_N_PACKETS128_X_MAX4_Y_MAX4        120              537.840
  ys[2].xs[2].client_xy/regulator      token_bucket_SIGMA3_RATE20_6                                                        25              100.800
 ys[2].xs[2].torus_switch_xy           torus_switch_X_W2_Y_W2_D_W32_X2_Y2                                                 391             1839.722
  ys[2].xs[2].torus_switch_xy/dor_inst dor_X_W2_Y_W2_X2_Y2                                                                 23               45.360
 ys[2].xs[3].client_xy                 client_SIGMA3_RATE20_VC_W3_X_W2_Y_W2_X3_Y2_D_W32_N_PACKETS128_X_MAX4_Y_MAX4        121              539.640
  ys[2].xs[3].client_xy/regulator      token_bucket_SIGMA3_RATE20_5                                                        25              100.800
 ys[2].xs[3].torus_switch_xy           torus_switch_X_W2_Y_W2_D_W32_X3_Y2                                                 478             1933.322
  ys[2].xs[3].torus_switch_xy/dor_inst dor_X_W2_Y_W2_X3_Y2                                                                 24               47.520
 ys[3].xs[0].client_xy                 client_SIGMA3_RATE20_VC_W3_X_W2_Y_W2_X0_Y3_D_W32_N_PACKETS128_X_MAX4_Y_MAX4        147              593.640
  ys[3].xs[0].client_xy/regulator      token_bucket_SIGMA3_RATE20_4                                                        25              100.800
 ys[3].xs[0].torus_switch_xy           torus_switch_X_W2_Y_W2_D_W32_X0_Y3                                                 412             1881.482
  ys[3].xs[0].torus_switch_xy/dor_inst dor_X_W2_Y_W2_X0_Y3                                                                 23               42.120
 ys[3].xs[1].client_xy                 client_SIGMA3_RATE20_VC_W3_X_W2_Y_W2_X1_Y3_D_W32_N_PACKETS128_X_MAX4_Y_MAX4        123              541.440
  ys[3].xs[1].client_xy/regulator      token_bucket_SIGMA3_RATE20_3                                                        25              100.800
 ys[3].xs[1].torus_switch_xy           torus_switch_X_W2_Y_W2_D_W32_X1_Y3                                                 456             1931.882
  ys[3].xs[1].torus_switch_xy/dor_inst dor_X_W2_Y_W2_X1_Y3                                                                 23               43.560
 ys[3].xs[2].client_xy                 client_SIGMA3_RATE20_VC_W3_X_W2_Y_W2_X2_Y3_D_W32_N_PACKETS128_X_MAX4_Y_MAX4        121              541.080
  ys[3].xs[2].client_xy/regulator      token_bucket_SIGMA3_RATE20_2                                                        25              100.800
 ys[3].xs[2].torus_switch_xy           torus_switch_X_W2_Y_W2_D_W32_X2_Y3                                                 410             1877.522
  ys[3].xs[2].torus_switch_xy/dor_inst dor_X_W2_Y_W2_X2_Y3                                                                 23               43.560
 ys[3].xs[3].client_xy                 client_SIGMA3_RATE20_VC_W3_X_W2_Y_W2_X3_Y3_D_W32_N_PACKETS128_X_MAX4_Y_MAX4        123              542.520
  ys[3].xs[3].client_xy/regulator      token_bucket_SIGMA3_RATE20_1                                                        25              100.800
 ys[3].xs[3].torus_switch_xy           torus_switch_X_W2_Y_W2_D_W32_X3_Y3                                                 478             1948.082
  ys[3].xs[3].torus_switch_xy/dor_inst dor_X_W2_Y_W2_X3_Y3                                                                 23               42.840
